  Determining projects to restore...
  Restored C:\Darklord\MCA_2024\S3\ServConnect\backend\UsersApp.csproj (in 474 ms).
C:\Darklord\MCA_2024\S3\ServConnect\backend\Services\IFirebaseAuthService.cs(9,97): warning CS8625: Cannot convert null literal to non-nullable reference type. [C:\Darklord\MCA_2024\S3\ServConnect\backend\UsersApp.csproj]
C:\Darklord\MCA_2024\S3\ServConnect\backend\Services\FirebaseAuthService.cs(71,110): warning CS8625: Cannot convert null literal to non-nullable reference type. [C:\Darklord\MCA_2024\S3\ServConnect\backend\UsersApp.csproj]
C:\Darklord\MCA_2024\S3\ServConnect\backend\ViewModels\RegisterViewModel.cs(51,45): warning CS8765: Nullability of type of parameter 'value' doesn't match overridden member (possibly because of nullability attributes). [C:\Darklord\MCA_2024\S3\ServConnect\backend\UsersApp.csproj]
C:\Darklord\MCA_2024\S3\ServConnect\backend\Services\IServiceCatalog.cs(16,218): warning CS8625: Cannot convert null literal to non-nullable reference type. [C:\Darklord\MCA_2024\S3\ServConnect\backend\UsersApp.csproj]
C:\Darklord\MCA_2024\S3\ServConnect\backend\Services\ServiceCatalog.cs(72,231): warning CS8625: Cannot convert null literal to non-nullable reference type. [C:\Darklord\MCA_2024\S3\ServConnect\backend\UsersApp.csproj]
C:\Darklord\MCA_2024\S3\ServConnect\backend\ViewModels\VerifyEmailViewModel.cs(9,23): warning CS8618: Non-nullable property 'Email' must contain a non-null value when exiting constructor. Consider adding the 'required' modifier or declaring the property as nullable. [C:\Darklord\MCA_2024\S3\ServConnect\backend\UsersApp.csproj]
C:\Darklord\MCA_2024\S3\ServConnect\backend\ViewModels\RegisterViewModel.cs(60,20): warning CS8603: Possible null reference return. [C:\Darklord\MCA_2024\S3\ServConnect\backend\UsersApp.csproj]
C:\Darklord\MCA_2024\S3\ServConnect\backend\ViewModels\LoginViewModel.cs(9,23): warning CS8618: Non-nullable property 'Email' must contain a non-null value when exiting constructor. Consider adding the 'required' modifier or declaring the property as nullable. [C:\Darklord\MCA_2024\S3\ServConnect\backend\UsersApp.csproj]
C:\Darklord\MCA_2024\S3\ServConnect\backend\ViewModels\LoginViewModel.cs(13,23): warning CS8618: Non-nullable property 'Password' must contain a non-null value when exiting constructor. Consider adding the 'required' modifier or declaring the property as nullable. [C:\Darklord\MCA_2024\S3\ServConnect\backend\UsersApp.csproj]
C:\Darklord\MCA_2024\S3\ServConnect\backend\Controllers\AdminController.cs(115,42): warning CS1998: This async method lacks 'await' operators and will run synchronously. Consider using the 'await' operator to await non-blocking API calls, or 'await Task.Run(...)' to do CPU-bound work on a background thread. [C:\Darklord\MCA_2024\S3\ServConnect\backend\UsersApp.csproj]
C:\Darklord\MCA_2024\S3\ServConnect\backend\Controllers\AdminController.cs(123,42): warning CS1998: This async method lacks 'await' operators and will run synchronously. Consider using the 'await' operator to await non-blocking API calls, or 'await Task.Run(...)' to do CPU-bound work on a background thread. [C:\Darklord\MCA_2024\S3\ServConnect\backend\UsersApp.csproj]
C:\Darklord\MCA_2024\S3\ServConnect\backend\ViewModels\ChangePasswordViewModel.cs(9,23): warning CS8618: Non-nullable property 'Email' must contain a non-null value when exiting constructor. Consider adding the 'required' modifier or declaring the property as nullable. [C:\Darklord\MCA_2024\S3\ServConnect\backend\UsersApp.csproj]
C:\Darklord\MCA_2024\S3\ServConnect\backend\ViewModels\ChangePasswordViewModel.cs(16,23): warning CS8618: Non-nullable property 'NewPassword' must contain a non-null value when exiting constructor. Consider adding the 'required' modifier or declaring the property as nullable. [C:\Darklord\MCA_2024\S3\ServConnect\backend\UsersApp.csproj]
C:\Darklord\MCA_2024\S3\ServConnect\backend\ViewModels\ChangePasswordViewModel.cs(21,23): warning CS8618: Non-nullable property 'ConfirmNewPassword' must contain a non-null value when exiting constructor. Consider adding the 'required' modifier or declaring the property as nullable. [C:\Darklord\MCA_2024\S3\ServConnect\backend\UsersApp.csproj]
C:\Darklord\MCA_2024\S3\ServConnect\backend\Views\Shared\_Layout.cshtml(69,34): warning CS8602: Dereference of a possibly null reference. [C:\Darklord\MCA_2024\S3\ServConnect\backend\UsersApp.csproj]
C:\Darklord\MCA_2024\S3\ServConnect\backend\Views\Shared\_Layout.cshtml(69,34): warning CS8602: Dereference of a possibly null reference. [C:\Darklord\MCA_2024\S3\ServConnect\backend\UsersApp.csproj]
C:\Darklord\MCA_2024\S3\ServConnect\backend\Controllers\AdminController.cs(234,42): warning CS1998: This async method lacks 'await' operators and will run synchronously. Consider using the 'await' operator to await non-blocking API calls, or 'await Task.Run(...)' to do CPU-bound work on a background thread. [C:\Darklord\MCA_2024\S3\ServConnect\backend\UsersApp.csproj]
C:\Darklord\MCA_2024\S3\ServConnect\backend\Controllers\AdminController.cs(240,42): warning CS1998: This async method lacks 'await' operators and will run synchronously. Consider using the 'await' operator to await non-blocking API calls, or 'await Task.Run(...)' to do CPU-bound work on a background thread. [C:\Darklord\MCA_2024\S3\ServConnect\backend\UsersApp.csproj]
C:\Darklord\MCA_2024\S3\ServConnect\backend\Controllers\AccountController.cs(246,38): warning CS1998: This async method lacks 'await' operators and will run synchronously. Consider using the 'await' operator to await non-blocking API calls, or 'await Task.Run(...)' to do CPU-bound work on a background thread. [C:\Darklord\MCA_2024\S3\ServConnect\backend\UsersApp.csproj]
C:\Darklord\MCA_2024\S3\ServConnect\backend\Controllers\AccountController.cs(313,21): warning CS8601: Possible null reference assignment. [C:\Darklord\MCA_2024\S3\ServConnect\backend\UsersApp.csproj]
C:\Darklord\MCA_2024\S3\ServConnect\backend\Controllers\AccountController.cs(465,46): warning CS8602: Dereference of a possibly null reference. [C:\Darklord\MCA_2024\S3\ServConnect\backend\UsersApp.csproj]
C:\Darklord\MCA_2024\S3\ServConnect\backend\Services\Fast2SmsOtpService.cs(182,34): warning CS1998: This async method lacks 'await' operators and will run synchronously. Consider using the 'await' operator to await non-blocking API calls, or 'await Task.Run(...)' to do CPU-bound work on a background thread. [C:\Darklord\MCA_2024\S3\ServConnect\backend\UsersApp.csproj]
C:\Darklord\MCA_2024\S3\ServConnect\backend\Controllers\AccountController.cs(609,62): warning CS8604: Possible null reference argument for parameter 'storedOtp' in 'bool IOtpService.ValidateOtp(string providedOtp, string storedOtp, DateTime? expiryTime)'. [C:\Darklord\MCA_2024\S3\ServConnect\backend\UsersApp.csproj]
C:\Darklord\MCA_2024\S3\ServConnect\backend\Services\OrderService.cs(143,32): error CS1061: 'ISmsService' does not contain a definition for 'SendAsync' and no accessible extension method 'SendAsync' accepting a first argument of type 'ISmsService' could be found (are you missing a using directive or an assembly reference?) [C:\Darklord\MCA_2024\S3\ServConnect\backend\UsersApp.csproj]
C:\Darklord\MCA_2024\S3\ServConnect\backend\Controllers\AccountController.cs(890,59): warning CS8604: Possible null reference argument for parameter 'storedOtp' in 'bool IOtpService.ValidateOtp(string providedOtp, string storedOtp, DateTime? expiryTime)'. [C:\Darklord\MCA_2024\S3\ServConnect\backend\UsersApp.csproj]
C:\Darklord\MCA_2024\S3\ServConnect\backend\Views\Admin\VerifyUsers.cshtml(33,157): warning CS8604: Possible null reference argument for parameter 'stringToEscape' in 'string Uri.EscapeDataString(string stringToEscape)'. [C:\Darklord\MCA_2024\S3\ServConnect\backend\UsersApp.csproj]
C:\Darklord\MCA_2024\S3\ServConnect\backend\Controllers\AccountController.cs(1051,60): warning CS8604: Possible null reference argument for parameter 'email' in 'Task<Users?> UserManager<Users>.FindByEmailAsync(string email)'. [C:\Darklord\MCA_2024\S3\ServConnect\backend\UsersApp.csproj]
C:\Darklord\MCA_2024\S3\ServConnect\backend\Views\Home\Index.cshtml(675,18): warning CS8602: Dereference of a possibly null reference. [C:\Darklord\MCA_2024\S3\ServConnect\backend\UsersApp.csproj]
C:\Darklord\MCA_2024\S3\ServConnect\backend\Controllers\AdvertisementsController.cs(75,34): warning CA1416: This call site is reachable on all platforms. 'Bitmap' is only supported on: 'windows' 6.1 and later. (https://learn.microsoft.com/dotnet/fundamentals/code-analysis/quality-rules/ca1416) [C:\Darklord\MCA_2024\S3\ServConnect\backend\UsersApp.csproj]
C:\Darklord\MCA_2024\S3\ServConnect\backend\Controllers\AdvertisementsController.cs(80,39): warning CA1416: This call site is reachable on all platforms. 'SmoothingMode.HighQuality' is only supported on: 'windows' 6.1 and later. (https://learn.microsoft.com/dotnet/fundamentals/code-analysis/quality-rules/ca1416) [C:\Darklord\MCA_2024\S3\ServConnect\backend\UsersApp.csproj]
C:\Darklord\MCA_2024\S3\ServConnect\backend\Controllers\AdvertisementsController.cs(64,49): warning CA1416: This call site is reachable on all platforms. 'Image.Height' is only supported on: 'windows' 6.1 and later. (https://learn.microsoft.com/dotnet/fundamentals/code-analysis/quality-rules/ca1416) [C:\Darklord\MCA_2024\S3\ServConnect\backend\UsersApp.csproj]
C:\Darklord\MCA_2024\S3\ServConnect\backend\Controllers\AdvertisementsController.cs(71,30): warning CA1416: This call site is reachable on all platforms. 'Image.Height' is only supported on: 'windows' 6.1 and later. (https://learn.microsoft.com/dotnet/fundamentals/code-analysis/quality-rules/ca1416) [C:\Darklord\MCA_2024\S3\ServConnect\backend\UsersApp.csproj]
C:\Darklord\MCA_2024\S3\ServConnect\backend\Controllers\AdvertisementsController.cs(82,102): warning CA1416: This call site is reachable on all platforms. 'GraphicsUnit.Pixel' is only supported on: 'windows' 6.1 and later. (https://learn.microsoft.com/dotnet/fundamentals/code-analysis/quality-rules/ca1416) [C:\Darklord\MCA_2024\S3\ServConnect\backend\UsersApp.csproj]
C:\Darklord\MCA_2024\S3\ServConnect\backend\Controllers\AdvertisementsController.cs(78,44): warning CA1416: This call site is reachable on all platforms. 'CompositingQuality.HighQuality' is only supported on: 'windows' 6.1 and later. (https://learn.microsoft.com/dotnet/fundamentals/code-analysis/quality-rules/ca1416) [C:\Darklord\MCA_2024\S3\ServConnect\backend\UsersApp.csproj]
C:\Darklord\MCA_2024\S3\ServConnect\backend\Controllers\AdvertisementsController.cs(81,21): warning CA1416: This call site is reachable on all platforms. 'Graphics.PixelOffsetMode' is only supported on: 'windows' 6.1 and later. (https://learn.microsoft.com/dotnet/fundamentals/code-analysis/quality-rules/ca1416) [C:\Darklord\MCA_2024\S3\ServConnect\backend\UsersApp.csproj]
C:\Darklord\MCA_2024\S3\ServConnect\backend\Controllers\AdvertisementsController.cs(78,21): warning CA1416: This call site is reachable on all platforms. 'Graphics.CompositingQuality' is only supported on: 'windows' 6.1 and later. (https://learn.microsoft.com/dotnet/fundamentals/code-analysis/quality-rules/ca1416) [C:\Darklord\MCA_2024\S3\ServConnect\backend\UsersApp.csproj]
C:\Darklord\MCA_2024\S3\ServConnect\backend\Controllers\AdvertisementsController.cs(66,74): warning CA1416: This call site is reachable on all platforms. 'Image.Height' is only supported on: 'windows' 6.1 and later. (https://learn.microsoft.com/dotnet/fundamentals/code-analysis/quality-rules/ca1416) [C:\Darklord\MCA_2024\S3\ServConnect\backend\UsersApp.csproj]
C:\Darklord\MCA_2024\S3\ServConnect\backend\Controllers\AdvertisementsController.cs(80,21): warning CA1416: This call site is reachable on all platforms. 'Graphics.SmoothingMode' is only supported on: 'windows' 6.1 and later. (https://learn.microsoft.com/dotnet/fundamentals/code-analysis/quality-rules/ca1416) [C:\Darklord\MCA_2024\S3\ServConnect\backend\UsersApp.csproj]
C:\Darklord\MCA_2024\S3\ServConnect\backend\Controllers\AdvertisementsController.cs(81,41): warning CA1416: This call site is reachable on all platforms. 'PixelOffsetMode.HighQuality' is only supported on: 'windows' 6.1 and later. (https://learn.microsoft.com/dotnet/fundamentals/code-analysis/quality-rules/ca1416) [C:\Darklord\MCA_2024\S3\ServConnect\backend\UsersApp.csproj]
C:\Darklord\MCA_2024\S3\ServConnect\backend\Controllers\AdvertisementsController.cs(79,21): warning CA1416: This call site is reachable on all platforms. 'Graphics.InterpolationMode' is only supported on: 'windows' 6.1 and later. (https://learn.microsoft.com/dotnet/fundamentals/code-analysis/quality-rules/ca1416) [C:\Darklord\MCA_2024\S3\ServConnect\backend\UsersApp.csproj]
C:\Darklord\MCA_2024\S3\ServConnect\backend\Controllers\AdvertisementsController.cs(59,40): warning CA1416: This call site is reachable on all platforms. 'Image.Width' is only supported on: 'windows' 6.1 and later. (https://learn.microsoft.com/dotnet/fundamentals/code-analysis/quality-rules/ca1416) [C:\Darklord\MCA_2024\S3\ServConnect\backend\UsersApp.csproj]
C:\Darklord\MCA_2024\S3\ServConnect\backend\Controllers\AdvertisementsController.cs(79,43): warning CA1416: This call site is reachable on all platforms. 'InterpolationMode.HighQualityBicubic' is only supported on: 'windows' 6.1 and later. (https://learn.microsoft.com/dotnet/fundamentals/code-analysis/quality-rules/ca1416) [C:\Darklord\MCA_2024\S3\ServConnect\backend\UsersApp.csproj]
C:\Darklord\MCA_2024\S3\ServConnect\backend\Controllers\AdvertisementsController.cs(72,67): warning CA1416: This call site is reachable on all platforms. 'Image.Width' is only supported on: 'windows' 6.1 and later. (https://learn.microsoft.com/dotnet/fundamentals/code-analysis/quality-rules/ca1416) [C:\Darklord\MCA_2024\S3\ServConnect\backend\UsersApp.csproj]
C:\Darklord\MCA_2024\S3\ServConnect\backend\Controllers\AdvertisementsController.cs(76,32): warning CA1416: This call site is reachable on all platforms. 'Graphics.FromImage(Image)' is only supported on: 'windows' 6.1 and later. (https://learn.microsoft.com/dotnet/fundamentals/code-analysis/quality-rules/ca1416) [C:\Darklord\MCA_2024\S3\ServConnect\backend\UsersApp.csproj]
C:\Darklord\MCA_2024\S3\ServConnect\backend\Controllers\AdvertisementsController.cs(89,37): warning CA1416: This call site is reachable on all platforms. 'ImageFormat.Jpeg' is only supported on: 'windows' 6.1 and later. (https://learn.microsoft.com/dotnet/fundamentals/code-analysis/quality-rules/ca1416) [C:\Darklord\MCA_2024\S3\ServConnect\backend\UsersApp.csproj]
C:\Darklord\MCA_2024\S3\ServConnect\backend\Controllers\AdvertisementsController.cs(89,17): warning CA1416: This call site is reachable on all platforms. 'Image.Save(string, ImageFormat)' is only supported on: 'windows' 6.1 and later. (https://learn.microsoft.com/dotnet/fundamentals/code-analysis/quality-rules/ca1416) [C:\Darklord\MCA_2024\S3\ServConnect\backend\UsersApp.csproj]
C:\Darklord\MCA_2024\S3\ServConnect\backend\Controllers\AdvertisementsController.cs(59,52): warning CA1416: This call site is reachable on all platforms. 'Image.Height' is only supported on: 'windows' 6.1 and later. (https://learn.microsoft.com/dotnet/fundamentals/code-analysis/quality-rules/ca1416) [C:\Darklord\MCA_2024\S3\ServConnect\backend\UsersApp.csproj]
C:\Darklord\MCA_2024\S3\ServConnect\backend\Controllers\AdvertisementsController.cs(65,30): warning CA1416: This call site is reachable on all platforms. 'Image.Width' is only supported on: 'windows' 6.1 and later. (https://learn.microsoft.com/dotnet/fundamentals/code-analysis/quality-rules/ca1416) [C:\Darklord\MCA_2024\S3\ServConnect\backend\UsersApp.csproj]
C:\Darklord\MCA_2024\S3\ServConnect\backend\Controllers\AdvertisementsController.cs(82,21): warning CA1416: This call site is reachable on all platforms. 'Graphics.DrawImage(Image, Rectangle, Rectangle, GraphicsUnit)' is only supported on: 'windows' 6.1 and later. (https://learn.microsoft.com/dotnet/fundamentals/code-analysis/quality-rules/ca1416) [C:\Darklord\MCA_2024\S3\ServConnect\backend\UsersApp.csproj]
C:\Darklord\MCA_2024\S3\ServConnect\backend\Controllers\AdvertisementsController.cs(70,49): warning CA1416: This call site is reachable on all platforms. 'Image.Width' is only supported on: 'windows' 6.1 and later. (https://learn.microsoft.com/dotnet/fundamentals/code-analysis/quality-rules/ca1416) [C:\Darklord\MCA_2024\S3\ServConnect\backend\UsersApp.csproj]
C:\Darklord\MCA_2024\S3\ServConnect\backend\Controllers\AdvertisementsController.cs(56,33): warning CA1416: This call site is reachable on all platforms. 'Image.FromStream(Stream)' is only supported on: 'windows' 6.1 and later. (https://learn.microsoft.com/dotnet/fundamentals/code-analysis/quality-rules/ca1416) [C:\Darklord\MCA_2024\S3\ServConnect\backend\UsersApp.csproj]
C:\Darklord\MCA_2024\S3\ServConnect\backend\Controllers\AdminController.cs(313,17): warning CA1416: This call site is reachable on all platforms. 'Image.Save(string, ImageFormat)' is only supported on: 'windows' 6.1 and later. (https://learn.microsoft.com/dotnet/fundamentals/code-analysis/quality-rules/ca1416) [C:\Darklord\MCA_2024\S3\ServConnect\backend\UsersApp.csproj]
C:\Darklord\MCA_2024\S3\ServConnect\backend\Controllers\AdminController.cs(286,49): warning CA1416: This call site is reachable on all platforms. 'Image.Height' is only supported on: 'windows' 6.1 and later. (https://learn.microsoft.com/dotnet/fundamentals/code-analysis/quality-rules/ca1416) [C:\Darklord\MCA_2024\S3\ServConnect\backend\UsersApp.csproj]
C:\Darklord\MCA_2024\S3\ServConnect\backend\Controllers\AdminController.cs(304,41): warning CA1416: This call site is reachable on all platforms. 'PixelOffsetMode.HighQuality' is only supported on: 'windows' 6.1 and later. (https://learn.microsoft.com/dotnet/fundamentals/code-analysis/quality-rules/ca1416) [C:\Darklord\MCA_2024\S3\ServConnect\backend\UsersApp.csproj]
C:\Darklord\MCA_2024\S3\ServConnect\backend\Controllers\AdminController.cs(299,32): warning CA1416: This call site is reachable on all platforms. 'Graphics.FromImage(Image)' is only supported on: 'windows' 6.1 and later. (https://learn.microsoft.com/dotnet/fundamentals/code-analysis/quality-rules/ca1416) [C:\Darklord\MCA_2024\S3\ServConnect\backend\UsersApp.csproj]
C:\Darklord\MCA_2024\S3\ServConnect\backend\Controllers\AdminController.cs(302,21): warning CA1416: This call site is reachable on all platforms. 'Graphics.InterpolationMode' is only supported on: 'windows' 6.1 and later. (https://learn.microsoft.com/dotnet/fundamentals/code-analysis/quality-rules/ca1416) [C:\Darklord\MCA_2024\S3\ServConnect\backend\UsersApp.csproj]
C:\Darklord\MCA_2024\S3\ServConnect\backend\Controllers\AdminController.cs(313,37): warning CA1416: This call site is reachable on all platforms. 'ImageFormat.Jpeg' is only supported on: 'windows' 6.1 and later. (https://learn.microsoft.com/dotnet/fundamentals/code-analysis/quality-rules/ca1416) [C:\Darklord\MCA_2024\S3\ServConnect\backend\UsersApp.csproj]
C:\Darklord\MCA_2024\S3\ServConnect\backend\Controllers\AdminController.cs(303,21): warning CA1416: This call site is reachable on all platforms. 'Graphics.SmoothingMode' is only supported on: 'windows' 6.1 and later. (https://learn.microsoft.com/dotnet/fundamentals/code-analysis/quality-rules/ca1416) [C:\Darklord\MCA_2024\S3\ServConnect\backend\UsersApp.csproj]
C:\Darklord\MCA_2024\S3\ServConnect\backend\Controllers\AdminController.cs(295,67): warning CA1416: This call site is reachable on all platforms. 'Image.Width' is only supported on: 'windows' 6.1 and later. (https://learn.microsoft.com/dotnet/fundamentals/code-analysis/quality-rules/ca1416) [C:\Darklord\MCA_2024\S3\ServConnect\backend\UsersApp.csproj]
C:\Darklord\MCA_2024\S3\ServConnect\backend\Controllers\AdminController.cs(294,30): warning CA1416: This call site is reachable on all platforms. 'Image.Height' is only supported on: 'windows' 6.1 and later. (https://learn.microsoft.com/dotnet/fundamentals/code-analysis/quality-rules/ca1416) [C:\Darklord\MCA_2024\S3\ServConnect\backend\UsersApp.csproj]
C:\Darklord\MCA_2024\S3\ServConnect\backend\Controllers\AdminController.cs(305,102): warning CA1416: This call site is reachable on all platforms. 'GraphicsUnit.Pixel' is only supported on: 'windows' 6.1 and later. (https://learn.microsoft.com/dotnet/fundamentals/code-analysis/quality-rules/ca1416) [C:\Darklord\MCA_2024\S3\ServConnect\backend\UsersApp.csproj]
C:\Darklord\MCA_2024\S3\ServConnect\backend\Controllers\AdminController.cs(305,21): warning CA1416: This call site is reachable on all platforms. 'Graphics.DrawImage(Image, Rectangle, Rectangle, GraphicsUnit)' is only supported on: 'windows' 6.1 and later. (https://learn.microsoft.com/dotnet/fundamentals/code-analysis/quality-rules/ca1416) [C:\Darklord\MCA_2024\S3\ServConnect\backend\UsersApp.csproj]
C:\Darklord\MCA_2024\S3\ServConnect\backend\Controllers\AdminController.cs(301,21): warning CA1416: This call site is reachable on all platforms. 'Graphics.CompositingQuality' is only supported on: 'windows' 6.1 and later. (https://learn.microsoft.com/dotnet/fundamentals/code-analysis/quality-rules/ca1416) [C:\Darklord\MCA_2024\S3\ServConnect\backend\UsersApp.csproj]
C:\Darklord\MCA_2024\S3\ServConnect\backend\Controllers\AdminController.cs(304,21): warning CA1416: This call site is reachable on all platforms. 'Graphics.PixelOffsetMode' is only supported on: 'windows' 6.1 and later. (https://learn.microsoft.com/dotnet/fundamentals/code-analysis/quality-rules/ca1416) [C:\Darklord\MCA_2024\S3\ServConnect\backend\UsersApp.csproj]
C:\Darklord\MCA_2024\S3\ServConnect\backend\Controllers\AdminController.cs(288,74): warning CA1416: This call site is reachable on all platforms. 'Image.Height' is only supported on: 'windows' 6.1 and later. (https://learn.microsoft.com/dotnet/fundamentals/code-analysis/quality-rules/ca1416) [C:\Darklord\MCA_2024\S3\ServConnect\backend\UsersApp.csproj]
C:\Darklord\MCA_2024\S3\ServConnect\backend\Controllers\AdminController.cs(279,52): warning CA1416: This call site is reachable on all platforms. 'Image.Height' is only supported on: 'windows' 6.1 and later. (https://learn.microsoft.com/dotnet/fundamentals/code-analysis/quality-rules/ca1416) [C:\Darklord\MCA_2024\S3\ServConnect\backend\UsersApp.csproj]
C:\Darklord\MCA_2024\S3\ServConnect\backend\Controllers\AdminController.cs(276,33): warning CA1416: This call site is reachable on all platforms. 'Image.FromStream(Stream)' is only supported on: 'windows' 6.1 and later. (https://learn.microsoft.com/dotnet/fundamentals/code-analysis/quality-rules/ca1416) [C:\Darklord\MCA_2024\S3\ServConnect\backend\UsersApp.csproj]
C:\Darklord\MCA_2024\S3\ServConnect\backend\Controllers\AdminController.cs(293,49): warning CA1416: This call site is reachable on all platforms. 'Image.Width' is only supported on: 'windows' 6.1 and later. (https://learn.microsoft.com/dotnet/fundamentals/code-analysis/quality-rules/ca1416) [C:\Darklord\MCA_2024\S3\ServConnect\backend\UsersApp.csproj]
C:\Darklord\MCA_2024\S3\ServConnect\backend\Controllers\AdminController.cs(287,30): warning CA1416: This call site is reachable on all platforms. 'Image.Width' is only supported on: 'windows' 6.1 and later. (https://learn.microsoft.com/dotnet/fundamentals/code-analysis/quality-rules/ca1416) [C:\Darklord\MCA_2024\S3\ServConnect\backend\UsersApp.csproj]
C:\Darklord\MCA_2024\S3\ServConnect\backend\Controllers\AdminController.cs(301,44): warning CA1416: This call site is reachable on all platforms. 'CompositingQuality.HighQuality' is only supported on: 'windows' 6.1 and later. (https://learn.microsoft.com/dotnet/fundamentals/code-analysis/quality-rules/ca1416) [C:\Darklord\MCA_2024\S3\ServConnect\backend\UsersApp.csproj]
C:\Darklord\MCA_2024\S3\ServConnect\backend\Controllers\AdminController.cs(298,34): warning CA1416: This call site is reachable on all platforms. 'Bitmap' is only supported on: 'windows' 6.1 and later. (https://learn.microsoft.com/dotnet/fundamentals/code-analysis/quality-rules/ca1416) [C:\Darklord\MCA_2024\S3\ServConnect\backend\UsersApp.csproj]
C:\Darklord\MCA_2024\S3\ServConnect\backend\Controllers\AdminController.cs(303,39): warning CA1416: This call site is reachable on all platforms. 'SmoothingMode.HighQuality' is only supported on: 'windows' 6.1 and later. (https://learn.microsoft.com/dotnet/fundamentals/code-analysis/quality-rules/ca1416) [C:\Darklord\MCA_2024\S3\ServConnect\backend\UsersApp.csproj]
C:\Darklord\MCA_2024\S3\ServConnect\backend\Controllers\AdminController.cs(302,43): warning CA1416: This call site is reachable on all platforms. 'InterpolationMode.HighQualityBicubic' is only supported on: 'windows' 6.1 and later. (https://learn.microsoft.com/dotnet/fundamentals/code-analysis/quality-rules/ca1416) [C:\Darklord\MCA_2024\S3\ServConnect\backend\UsersApp.csproj]
C:\Darklord\MCA_2024\S3\ServConnect\backend\Controllers\AdminController.cs(279,40): warning CA1416: This call site is reachable on all platforms. 'Image.Width' is only supported on: 'windows' 6.1 and later. (https://learn.microsoft.com/dotnet/fundamentals/code-analysis/quality-rules/ca1416) [C:\Darklord\MCA_2024\S3\ServConnect\backend\UsersApp.csproj]

Build FAILED.

C:\Darklord\MCA_2024\S3\ServConnect\backend\Services\IFirebaseAuthService.cs(9,97): warning CS8625: Cannot convert null literal to non-nullable reference type. [C:\Darklord\MCA_2024\S3\ServConnect\backend\UsersApp.csproj]
C:\Darklord\MCA_2024\S3\ServConnect\backend\Services\FirebaseAuthService.cs(71,110): warning CS8625: Cannot convert null literal to non-nullable reference type. [C:\Darklord\MCA_2024\S3\ServConnect\backend\UsersApp.csproj]
C:\Darklord\MCA_2024\S3\ServConnect\backend\ViewModels\RegisterViewModel.cs(51,45): warning CS8765: Nullability of type of parameter 'value' doesn't match overridden member (possibly because of nullability attributes). [C:\Darklord\MCA_2024\S3\ServConnect\backend\UsersApp.csproj]
C:\Darklord\MCA_2024\S3\ServConnect\backend\Services\IServiceCatalog.cs(16,218): warning CS8625: Cannot convert null literal to non-nullable reference type. [C:\Darklord\MCA_2024\S3\ServConnect\backend\UsersApp.csproj]
C:\Darklord\MCA_2024\S3\ServConnect\backend\Services\ServiceCatalog.cs(72,231): warning CS8625: Cannot convert null literal to non-nullable reference type. [C:\Darklord\MCA_2024\S3\ServConnect\backend\UsersApp.csproj]
C:\Darklord\MCA_2024\S3\ServConnect\backend\ViewModels\VerifyEmailViewModel.cs(9,23): warning CS8618: Non-nullable property 'Email' must contain a non-null value when exiting constructor. Consider adding the 'required' modifier or declaring the property as nullable. [C:\Darklord\MCA_2024\S3\ServConnect\backend\UsersApp.csproj]
C:\Darklord\MCA_2024\S3\ServConnect\backend\ViewModels\RegisterViewModel.cs(60,20): warning CS8603: Possible null reference return. [C:\Darklord\MCA_2024\S3\ServConnect\backend\UsersApp.csproj]
C:\Darklord\MCA_2024\S3\ServConnect\backend\ViewModels\LoginViewModel.cs(9,23): warning CS8618: Non-nullable property 'Email' must contain a non-null value when exiting constructor. Consider adding the 'required' modifier or declaring the property as nullable. [C:\Darklord\MCA_2024\S3\ServConnect\backend\UsersApp.csproj]
C:\Darklord\MCA_2024\S3\ServConnect\backend\ViewModels\LoginViewModel.cs(13,23): warning CS8618: Non-nullable property 'Password' must contain a non-null value when exiting constructor. Consider adding the 'required' modifier or declaring the property as nullable. [C:\Darklord\MCA_2024\S3\ServConnect\backend\UsersApp.csproj]
C:\Darklord\MCA_2024\S3\ServConnect\backend\Controllers\AdminController.cs(115,42): warning CS1998: This async method lacks 'await' operators and will run synchronously. Consider using the 'await' operator to await non-blocking API calls, or 'await Task.Run(...)' to do CPU-bound work on a background thread. [C:\Darklord\MCA_2024\S3\ServConnect\backend\UsersApp.csproj]
C:\Darklord\MCA_2024\S3\ServConnect\backend\Controllers\AdminController.cs(123,42): warning CS1998: This async method lacks 'await' operators and will run synchronously. Consider using the 'await' operator to await non-blocking API calls, or 'await Task.Run(...)' to do CPU-bound work on a background thread. [C:\Darklord\MCA_2024\S3\ServConnect\backend\UsersApp.csproj]
C:\Darklord\MCA_2024\S3\ServConnect\backend\ViewModels\ChangePasswordViewModel.cs(9,23): warning CS8618: Non-nullable property 'Email' must contain a non-null value when exiting constructor. Consider adding the 'required' modifier or declaring the property as nullable. [C:\Darklord\MCA_2024\S3\ServConnect\backend\UsersApp.csproj]
C:\Darklord\MCA_2024\S3\ServConnect\backend\ViewModels\ChangePasswordViewModel.cs(16,23): warning CS8618: Non-nullable property 'NewPassword' must contain a non-null value when exiting constructor. Consider adding the 'required' modifier or declaring the property as nullable. [C:\Darklord\MCA_2024\S3\ServConnect\backend\UsersApp.csproj]
C:\Darklord\MCA_2024\S3\ServConnect\backend\ViewModels\ChangePasswordViewModel.cs(21,23): warning CS8618: Non-nullable property 'ConfirmNewPassword' must contain a non-null value when exiting constructor. Consider adding the 'required' modifier or declaring the property as nullable. [C:\Darklord\MCA_2024\S3\ServConnect\backend\UsersApp.csproj]
C:\Darklord\MCA_2024\S3\ServConnect\backend\Views\Shared\_Layout.cshtml(69,34): warning CS8602: Dereference of a possibly null reference. [C:\Darklord\MCA_2024\S3\ServConnect\backend\UsersApp.csproj]
C:\Darklord\MCA_2024\S3\ServConnect\backend\Views\Shared\_Layout.cshtml(69,34): warning CS8602: Dereference of a possibly null reference. [C:\Darklord\MCA_2024\S3\ServConnect\backend\UsersApp.csproj]
C:\Darklord\MCA_2024\S3\ServConnect\backend\Controllers\AdminController.cs(234,42): warning CS1998: This async method lacks 'await' operators and will run synchronously. Consider using the 'await' operator to await non-blocking API calls, or 'await Task.Run(...)' to do CPU-bound work on a background thread. [C:\Darklord\MCA_2024\S3\ServConnect\backend\UsersApp.csproj]
C:\Darklord\MCA_2024\S3\ServConnect\backend\Controllers\AdminController.cs(240,42): warning CS1998: This async method lacks 'await' operators and will run synchronously. Consider using the 'await' operator to await non-blocking API calls, or 'await Task.Run(...)' to do CPU-bound work on a background thread. [C:\Darklord\MCA_2024\S3\ServConnect\backend\UsersApp.csproj]
C:\Darklord\MCA_2024\S3\ServConnect\backend\Controllers\AccountController.cs(246,38): warning CS1998: This async method lacks 'await' operators and will run synchronously. Consider using the 'await' operator to await non-blocking API calls, or 'await Task.Run(...)' to do CPU-bound work on a background thread. [C:\Darklord\MCA_2024\S3\ServConnect\backend\UsersApp.csproj]
C:\Darklord\MCA_2024\S3\ServConnect\backend\Controllers\AccountController.cs(313,21): warning CS8601: Possible null reference assignment. [C:\Darklord\MCA_2024\S3\ServConnect\backend\UsersApp.csproj]
C:\Darklord\MCA_2024\S3\ServConnect\backend\Controllers\AccountController.cs(465,46): warning CS8602: Dereference of a possibly null reference. [C:\Darklord\MCA_2024\S3\ServConnect\backend\UsersApp.csproj]
C:\Darklord\MCA_2024\S3\ServConnect\backend\Services\Fast2SmsOtpService.cs(182,34): warning CS1998: This async method lacks 'await' operators and will run synchronously. Consider using the 'await' operator to await non-blocking API calls, or 'await Task.Run(...)' to do CPU-bound work on a background thread. [C:\Darklord\MCA_2024\S3\ServConnect\backend\UsersApp.csproj]
C:\Darklord\MCA_2024\S3\ServConnect\backend\Controllers\AccountController.cs(609,62): warning CS8604: Possible null reference argument for parameter 'storedOtp' in 'bool IOtpService.ValidateOtp(string providedOtp, string storedOtp, DateTime? expiryTime)'. [C:\Darklord\MCA_2024\S3\ServConnect\backend\UsersApp.csproj]
C:\Darklord\MCA_2024\S3\ServConnect\backend\Controllers\AccountController.cs(890,59): warning CS8604: Possible null reference argument for parameter 'storedOtp' in 'bool IOtpService.ValidateOtp(string providedOtp, string storedOtp, DateTime? expiryTime)'. [C:\Darklord\MCA_2024\S3\ServConnect\backend\UsersApp.csproj]
C:\Darklord\MCA_2024\S3\ServConnect\backend\Views\Admin\VerifyUsers.cshtml(33,157): warning CS8604: Possible null reference argument for parameter 'stringToEscape' in 'string Uri.EscapeDataString(string stringToEscape)'. [C:\Darklord\MCA_2024\S3\ServConnect\backend\UsersApp.csproj]
C:\Darklord\MCA_2024\S3\ServConnect\backend\Controllers\AccountController.cs(1051,60): warning CS8604: Possible null reference argument for parameter 'email' in 'Task<Users?> UserManager<Users>.FindByEmailAsync(string email)'. [C:\Darklord\MCA_2024\S3\ServConnect\backend\UsersApp.csproj]
C:\Darklord\MCA_2024\S3\ServConnect\backend\Views\Home\Index.cshtml(675,18): warning CS8602: Dereference of a possibly null reference. [C:\Darklord\MCA_2024\S3\ServConnect\backend\UsersApp.csproj]
C:\Darklord\MCA_2024\S3\ServConnect\backend\Controllers\AdvertisementsController.cs(75,34): warning CA1416: This call site is reachable on all platforms. 'Bitmap' is only supported on: 'windows' 6.1 and later. (https://learn.microsoft.com/dotnet/fundamentals/code-analysis/quality-rules/ca1416) [C:\Darklord\MCA_2024\S3\ServConnect\backend\UsersApp.csproj]
C:\Darklord\MCA_2024\S3\ServConnect\backend\Controllers\AdvertisementsController.cs(80,39): warning CA1416: This call site is reachable on all platforms. 'SmoothingMode.HighQuality' is only supported on: 'windows' 6.1 and later. (https://learn.microsoft.com/dotnet/fundamentals/code-analysis/quality-rules/ca1416) [C:\Darklord\MCA_2024\S3\ServConnect\backend\UsersApp.csproj]
C:\Darklord\MCA_2024\S3\ServConnect\backend\Controllers\AdvertisementsController.cs(64,49): warning CA1416: This call site is reachable on all platforms. 'Image.Height' is only supported on: 'windows' 6.1 and later. (https://learn.microsoft.com/dotnet/fundamentals/code-analysis/quality-rules/ca1416) [C:\Darklord\MCA_2024\S3\ServConnect\backend\UsersApp.csproj]
C:\Darklord\MCA_2024\S3\ServConnect\backend\Controllers\AdvertisementsController.cs(71,30): warning CA1416: This call site is reachable on all platforms. 'Image.Height' is only supported on: 'windows' 6.1 and later. (https://learn.microsoft.com/dotnet/fundamentals/code-analysis/quality-rules/ca1416) [C:\Darklord\MCA_2024\S3\ServConnect\backend\UsersApp.csproj]
C:\Darklord\MCA_2024\S3\ServConnect\backend\Controllers\AdvertisementsController.cs(82,102): warning CA1416: This call site is reachable on all platforms. 'GraphicsUnit.Pixel' is only supported on: 'windows' 6.1 and later. (https://learn.microsoft.com/dotnet/fundamentals/code-analysis/quality-rules/ca1416) [C:\Darklord\MCA_2024\S3\ServConnect\backend\UsersApp.csproj]
C:\Darklord\MCA_2024\S3\ServConnect\backend\Controllers\AdvertisementsController.cs(78,44): warning CA1416: This call site is reachable on all platforms. 'CompositingQuality.HighQuality' is only supported on: 'windows' 6.1 and later. (https://learn.microsoft.com/dotnet/fundamentals/code-analysis/quality-rules/ca1416) [C:\Darklord\MCA_2024\S3\ServConnect\backend\UsersApp.csproj]
C:\Darklord\MCA_2024\S3\ServConnect\backend\Controllers\AdvertisementsController.cs(81,21): warning CA1416: This call site is reachable on all platforms. 'Graphics.PixelOffsetMode' is only supported on: 'windows' 6.1 and later. (https://learn.microsoft.com/dotnet/fundamentals/code-analysis/quality-rules/ca1416) [C:\Darklord\MCA_2024\S3\ServConnect\backend\UsersApp.csproj]
C:\Darklord\MCA_2024\S3\ServConnect\backend\Controllers\AdvertisementsController.cs(78,21): warning CA1416: This call site is reachable on all platforms. 'Graphics.CompositingQuality' is only supported on: 'windows' 6.1 and later. (https://learn.microsoft.com/dotnet/fundamentals/code-analysis/quality-rules/ca1416) [C:\Darklord\MCA_2024\S3\ServConnect\backend\UsersApp.csproj]
C:\Darklord\MCA_2024\S3\ServConnect\backend\Controllers\AdvertisementsController.cs(66,74): warning CA1416: This call site is reachable on all platforms. 'Image.Height' is only supported on: 'windows' 6.1 and later. (https://learn.microsoft.com/dotnet/fundamentals/code-analysis/quality-rules/ca1416) [C:\Darklord\MCA_2024\S3\ServConnect\backend\UsersApp.csproj]
C:\Darklord\MCA_2024\S3\ServConnect\backend\Controllers\AdvertisementsController.cs(80,21): warning CA1416: This call site is reachable on all platforms. 'Graphics.SmoothingMode' is only supported on: 'windows' 6.1 and later. (https://learn.microsoft.com/dotnet/fundamentals/code-analysis/quality-rules/ca1416) [C:\Darklord\MCA_2024\S3\ServConnect\backend\UsersApp.csproj]
C:\Darklord\MCA_2024\S3\ServConnect\backend\Controllers\AdvertisementsController.cs(81,41): warning CA1416: This call site is reachable on all platforms. 'PixelOffsetMode.HighQuality' is only supported on: 'windows' 6.1 and later. (https://learn.microsoft.com/dotnet/fundamentals/code-analysis/quality-rules/ca1416) [C:\Darklord\MCA_2024\S3\ServConnect\backend\UsersApp.csproj]
C:\Darklord\MCA_2024\S3\ServConnect\backend\Controllers\AdvertisementsController.cs(79,21): warning CA1416: This call site is reachable on all platforms. 'Graphics.InterpolationMode' is only supported on: 'windows' 6.1 and later. (https://learn.microsoft.com/dotnet/fundamentals/code-analysis/quality-rules/ca1416) [C:\Darklord\MCA_2024\S3\ServConnect\backend\UsersApp.csproj]
C:\Darklord\MCA_2024\S3\ServConnect\backend\Controllers\AdvertisementsController.cs(59,40): warning CA1416: This call site is reachable on all platforms. 'Image.Width' is only supported on: 'windows' 6.1 and later. (https://learn.microsoft.com/dotnet/fundamentals/code-analysis/quality-rules/ca1416) [C:\Darklord\MCA_2024\S3\ServConnect\backend\UsersApp.csproj]
C:\Darklord\MCA_2024\S3\ServConnect\backend\Controllers\AdvertisementsController.cs(79,43): warning CA1416: This call site is reachable on all platforms. 'InterpolationMode.HighQualityBicubic' is only supported on: 'windows' 6.1 and later. (https://learn.microsoft.com/dotnet/fundamentals/code-analysis/quality-rules/ca1416) [C:\Darklord\MCA_2024\S3\ServConnect\backend\UsersApp.csproj]
C:\Darklord\MCA_2024\S3\ServConnect\backend\Controllers\AdvertisementsController.cs(72,67): warning CA1416: This call site is reachable on all platforms. 'Image.Width' is only supported on: 'windows' 6.1 and later. (https://learn.microsoft.com/dotnet/fundamentals/code-analysis/quality-rules/ca1416) [C:\Darklord\MCA_2024\S3\ServConnect\backend\UsersApp.csproj]
C:\Darklord\MCA_2024\S3\ServConnect\backend\Controllers\AdvertisementsController.cs(76,32): warning CA1416: This call site is reachable on all platforms. 'Graphics.FromImage(Image)' is only supported on: 'windows' 6.1 and later. (https://learn.microsoft.com/dotnet/fundamentals/code-analysis/quality-rules/ca1416) [C:\Darklord\MCA_2024\S3\ServConnect\backend\UsersApp.csproj]
C:\Darklord\MCA_2024\S3\ServConnect\backend\Controllers\AdvertisementsController.cs(89,37): warning CA1416: This call site is reachable on all platforms. 'ImageFormat.Jpeg' is only supported on: 'windows' 6.1 and later. (https://learn.microsoft.com/dotnet/fundamentals/code-analysis/quality-rules/ca1416) [C:\Darklord\MCA_2024\S3\ServConnect\backend\UsersApp.csproj]
C:\Darklord\MCA_2024\S3\ServConnect\backend\Controllers\AdvertisementsController.cs(89,17): warning CA1416: This call site is reachable on all platforms. 'Image.Save(string, ImageFormat)' is only supported on: 'windows' 6.1 and later. (https://learn.microsoft.com/dotnet/fundamentals/code-analysis/quality-rules/ca1416) [C:\Darklord\MCA_2024\S3\ServConnect\backend\UsersApp.csproj]
C:\Darklord\MCA_2024\S3\ServConnect\backend\Controllers\AdvertisementsController.cs(59,52): warning CA1416: This call site is reachable on all platforms. 'Image.Height' is only supported on: 'windows' 6.1 and later. (https://learn.microsoft.com/dotnet/fundamentals/code-analysis/quality-rules/ca1416) [C:\Darklord\MCA_2024\S3\ServConnect\backend\UsersApp.csproj]
C:\Darklord\MCA_2024\S3\ServConnect\backend\Controllers\AdvertisementsController.cs(65,30): warning CA1416: This call site is reachable on all platforms. 'Image.Width' is only supported on: 'windows' 6.1 and later. (https://learn.microsoft.com/dotnet/fundamentals/code-analysis/quality-rules/ca1416) [C:\Darklord\MCA_2024\S3\ServConnect\backend\UsersApp.csproj]
C:\Darklord\MCA_2024\S3\ServConnect\backend\Controllers\AdvertisementsController.cs(82,21): warning CA1416: This call site is reachable on all platforms. 'Graphics.DrawImage(Image, Rectangle, Rectangle, GraphicsUnit)' is only supported on: 'windows' 6.1 and later. (https://learn.microsoft.com/dotnet/fundamentals/code-analysis/quality-rules/ca1416) [C:\Darklord\MCA_2024\S3\ServConnect\backend\UsersApp.csproj]
C:\Darklord\MCA_2024\S3\ServConnect\backend\Controllers\AdvertisementsController.cs(70,49): warning CA1416: This call site is reachable on all platforms. 'Image.Width' is only supported on: 'windows' 6.1 and later. (https://learn.microsoft.com/dotnet/fundamentals/code-analysis/quality-rules/ca1416) [C:\Darklord\MCA_2024\S3\ServConnect\backend\UsersApp.csproj]
C:\Darklord\MCA_2024\S3\ServConnect\backend\Controllers\AdvertisementsController.cs(56,33): warning CA1416: This call site is reachable on all platforms. 'Image.FromStream(Stream)' is only supported on: 'windows' 6.1 and later. (https://learn.microsoft.com/dotnet/fundamentals/code-analysis/quality-rules/ca1416) [C:\Darklord\MCA_2024\S3\ServConnect\backend\UsersApp.csproj]
C:\Darklord\MCA_2024\S3\ServConnect\backend\Controllers\AdminController.cs(313,17): warning CA1416: This call site is reachable on all platforms. 'Image.Save(string, ImageFormat)' is only supported on: 'windows' 6.1 and later. (https://learn.microsoft.com/dotnet/fundamentals/code-analysis/quality-rules/ca1416) [C:\Darklord\MCA_2024\S3\ServConnect\backend\UsersApp.csproj]
C:\Darklord\MCA_2024\S3\ServConnect\backend\Controllers\AdminController.cs(286,49): warning CA1416: This call site is reachable on all platforms. 'Image.Height' is only supported on: 'windows' 6.1 and later. (https://learn.microsoft.com/dotnet/fundamentals/code-analysis/quality-rules/ca1416) [C:\Darklord\MCA_2024\S3\ServConnect\backend\UsersApp.csproj]
C:\Darklord\MCA_2024\S3\ServConnect\backend\Controllers\AdminController.cs(304,41): warning CA1416: This call site is reachable on all platforms. 'PixelOffsetMode.HighQuality' is only supported on: 'windows' 6.1 and later. (https://learn.microsoft.com/dotnet/fundamentals/code-analysis/quality-rules/ca1416) [C:\Darklord\MCA_2024\S3\ServConnect\backend\UsersApp.csproj]
C:\Darklord\MCA_2024\S3\ServConnect\backend\Controllers\AdminController.cs(299,32): warning CA1416: This call site is reachable on all platforms. 'Graphics.FromImage(Image)' is only supported on: 'windows' 6.1 and later. (https://learn.microsoft.com/dotnet/fundamentals/code-analysis/quality-rules/ca1416) [C:\Darklord\MCA_2024\S3\ServConnect\backend\UsersApp.csproj]
C:\Darklord\MCA_2024\S3\ServConnect\backend\Controllers\AdminController.cs(302,21): warning CA1416: This call site is reachable on all platforms. 'Graphics.InterpolationMode' is only supported on: 'windows' 6.1 and later. (https://learn.microsoft.com/dotnet/fundamentals/code-analysis/quality-rules/ca1416) [C:\Darklord\MCA_2024\S3\ServConnect\backend\UsersApp.csproj]
C:\Darklord\MCA_2024\S3\ServConnect\backend\Controllers\AdminController.cs(313,37): warning CA1416: This call site is reachable on all platforms. 'ImageFormat.Jpeg' is only supported on: 'windows' 6.1 and later. (https://learn.microsoft.com/dotnet/fundamentals/code-analysis/quality-rules/ca1416) [C:\Darklord\MCA_2024\S3\ServConnect\backend\UsersApp.csproj]
C:\Darklord\MCA_2024\S3\ServConnect\backend\Controllers\AdminController.cs(303,21): warning CA1416: This call site is reachable on all platforms. 'Graphics.SmoothingMode' is only supported on: 'windows' 6.1 and later. (https://learn.microsoft.com/dotnet/fundamentals/code-analysis/quality-rules/ca1416) [C:\Darklord\MCA_2024\S3\ServConnect\backend\UsersApp.csproj]
C:\Darklord\MCA_2024\S3\ServConnect\backend\Controllers\AdminController.cs(295,67): warning CA1416: This call site is reachable on all platforms. 'Image.Width' is only supported on: 'windows' 6.1 and later. (https://learn.microsoft.com/dotnet/fundamentals/code-analysis/quality-rules/ca1416) [C:\Darklord\MCA_2024\S3\ServConnect\backend\UsersApp.csproj]
C:\Darklord\MCA_2024\S3\ServConnect\backend\Controllers\AdminController.cs(294,30): warning CA1416: This call site is reachable on all platforms. 'Image.Height' is only supported on: 'windows' 6.1 and later. (https://learn.microsoft.com/dotnet/fundamentals/code-analysis/quality-rules/ca1416) [C:\Darklord\MCA_2024\S3\ServConnect\backend\UsersApp.csproj]
C:\Darklord\MCA_2024\S3\ServConnect\backend\Controllers\AdminController.cs(305,102): warning CA1416: This call site is reachable on all platforms. 'GraphicsUnit.Pixel' is only supported on: 'windows' 6.1 and later. (https://learn.microsoft.com/dotnet/fundamentals/code-analysis/quality-rules/ca1416) [C:\Darklord\MCA_2024\S3\ServConnect\backend\UsersApp.csproj]
C:\Darklord\MCA_2024\S3\ServConnect\backend\Controllers\AdminController.cs(305,21): warning CA1416: This call site is reachable on all platforms. 'Graphics.DrawImage(Image, Rectangle, Rectangle, GraphicsUnit)' is only supported on: 'windows' 6.1 and later. (https://learn.microsoft.com/dotnet/fundamentals/code-analysis/quality-rules/ca1416) [C:\Darklord\MCA_2024\S3\ServConnect\backend\UsersApp.csproj]
C:\Darklord\MCA_2024\S3\ServConnect\backend\Controllers\AdminController.cs(301,21): warning CA1416: This call site is reachable on all platforms. 'Graphics.CompositingQuality' is only supported on: 'windows' 6.1 and later. (https://learn.microsoft.com/dotnet/fundamentals/code-analysis/quality-rules/ca1416) [C:\Darklord\MCA_2024\S3\ServConnect\backend\UsersApp.csproj]
C:\Darklord\MCA_2024\S3\ServConnect\backend\Controllers\AdminController.cs(304,21): warning CA1416: This call site is reachable on all platforms. 'Graphics.PixelOffsetMode' is only supported on: 'windows' 6.1 and later. (https://learn.microsoft.com/dotnet/fundamentals/code-analysis/quality-rules/ca1416) [C:\Darklord\MCA_2024\S3\ServConnect\backend\UsersApp.csproj]
C:\Darklord\MCA_2024\S3\ServConnect\backend\Controllers\AdminController.cs(288,74): warning CA1416: This call site is reachable on all platforms. 'Image.Height' is only supported on: 'windows' 6.1 and later. (https://learn.microsoft.com/dotnet/fundamentals/code-analysis/quality-rules/ca1416) [C:\Darklord\MCA_2024\S3\ServConnect\backend\UsersApp.csproj]
C:\Darklord\MCA_2024\S3\ServConnect\backend\Controllers\AdminController.cs(279,52): warning CA1416: This call site is reachable on all platforms. 'Image.Height' is only supported on: 'windows' 6.1 and later. (https://learn.microsoft.com/dotnet/fundamentals/code-analysis/quality-rules/ca1416) [C:\Darklord\MCA_2024\S3\ServConnect\backend\UsersApp.csproj]
C:\Darklord\MCA_2024\S3\ServConnect\backend\Controllers\AdminController.cs(276,33): warning CA1416: This call site is reachable on all platforms. 'Image.FromStream(Stream)' is only supported on: 'windows' 6.1 and later. (https://learn.microsoft.com/dotnet/fundamentals/code-analysis/quality-rules/ca1416) [C:\Darklord\MCA_2024\S3\ServConnect\backend\UsersApp.csproj]
C:\Darklord\MCA_2024\S3\ServConnect\backend\Controllers\AdminController.cs(293,49): warning CA1416: This call site is reachable on all platforms. 'Image.Width' is only supported on: 'windows' 6.1 and later. (https://learn.microsoft.com/dotnet/fundamentals/code-analysis/quality-rules/ca1416) [C:\Darklord\MCA_2024\S3\ServConnect\backend\UsersApp.csproj]
C:\Darklord\MCA_2024\S3\ServConnect\backend\Controllers\AdminController.cs(287,30): warning CA1416: This call site is reachable on all platforms. 'Image.Width' is only supported on: 'windows' 6.1 and later. (https://learn.microsoft.com/dotnet/fundamentals/code-analysis/quality-rules/ca1416) [C:\Darklord\MCA_2024\S3\ServConnect\backend\UsersApp.csproj]
C:\Darklord\MCA_2024\S3\ServConnect\backend\Controllers\AdminController.cs(301,44): warning CA1416: This call site is reachable on all platforms. 'CompositingQuality.HighQuality' is only supported on: 'windows' 6.1 and later. (https://learn.microsoft.com/dotnet/fundamentals/code-analysis/quality-rules/ca1416) [C:\Darklord\MCA_2024\S3\ServConnect\backend\UsersApp.csproj]
C:\Darklord\MCA_2024\S3\ServConnect\backend\Controllers\AdminController.cs(298,34): warning CA1416: This call site is reachable on all platforms. 'Bitmap' is only supported on: 'windows' 6.1 and later. (https://learn.microsoft.com/dotnet/fundamentals/code-analysis/quality-rules/ca1416) [C:\Darklord\MCA_2024\S3\ServConnect\backend\UsersApp.csproj]
C:\Darklord\MCA_2024\S3\ServConnect\backend\Controllers\AdminController.cs(303,39): warning CA1416: This call site is reachable on all platforms. 'SmoothingMode.HighQuality' is only supported on: 'windows' 6.1 and later. (https://learn.microsoft.com/dotnet/fundamentals/code-analysis/quality-rules/ca1416) [C:\Darklord\MCA_2024\S3\ServConnect\backend\UsersApp.csproj]
C:\Darklord\MCA_2024\S3\ServConnect\backend\Controllers\AdminController.cs(302,43): warning CA1416: This call site is reachable on all platforms. 'InterpolationMode.HighQualityBicubic' is only supported on: 'windows' 6.1 and later. (https://learn.microsoft.com/dotnet/fundamentals/code-analysis/quality-rules/ca1416) [C:\Darklord\MCA_2024\S3\ServConnect\backend\UsersApp.csproj]
C:\Darklord\MCA_2024\S3\ServConnect\backend\Controllers\AdminController.cs(279,40): warning CA1416: This call site is reachable on all platforms. 'Image.Width' is only supported on: 'windows' 6.1 and later. (https://learn.microsoft.com/dotnet/fundamentals/code-analysis/quality-rules/ca1416) [C:\Darklord\MCA_2024\S3\ServConnect\backend\UsersApp.csproj]
C:\Darklord\MCA_2024\S3\ServConnect\backend\Services\OrderService.cs(143,32): error CS1061: 'ISmsService' does not contain a definition for 'SendAsync' and no accessible extension method 'SendAsync' accepting a first argument of type 'ISmsService' could be found (are you missing a using directive or an assembly reference?) [C:\Darklord\MCA_2024\S3\ServConnect\backend\UsersApp.csproj]
    73 Warning(s)
    1 Error(s)

Time Elapsed 00:00:03.47
