  Determining projects to restore...
  All projects are up-to-date for restore.
C:\Program Files\dotnet\sdk\9.0.302\Microsoft.Common.CurrentVersion.targets(5395,5): warning MSB3026: Could not copy "C:\Darklord\MCA_2024\S3\ServConnect\backend\obj\Debug\net8.0\apphost.exe" to "bin\Debug\net8.0\UsersApp.exe". Beginning retry 1 in 1000ms. The process cannot access the file 'C:\Darklord\MCA_2024\S3\ServConnect\backend\bin\Debug\net8.0\UsersApp.exe' because it is being used by another process. The file is locked by: "UsersApp (21740)" [C:\Darklord\MCA_2024\S3\ServConnect\backend\UsersApp.csproj]
C:\Program Files\dotnet\sdk\9.0.302\Microsoft.Common.CurrentVersion.targets(5395,5): warning MSB3026: Could not copy "C:\Darklord\MCA_2024\S3\ServConnect\backend\obj\Debug\net8.0\apphost.exe" to "bin\Debug\net8.0\UsersApp.exe". Beginning retry 2 in 1000ms. The process cannot access the file 'C:\Darklord\MCA_2024\S3\ServConnect\backend\bin\Debug\net8.0\UsersApp.exe' because it is being used by another process. The file is locked by: "UsersApp (21740)" [C:\Darklord\MCA_2024\S3\ServConnect\backend\UsersApp.csproj]
C:\Program Files\dotnet\sdk\9.0.302\Microsoft.Common.CurrentVersion.targets(5395,5): warning MSB3026: Could not copy "C:\Darklord\MCA_2024\S3\ServConnect\backend\obj\Debug\net8.0\apphost.exe" to "bin\Debug\net8.0\UsersApp.exe". Beginning retry 3 in 1000ms. The process cannot access the file 'C:\Darklord\MCA_2024\S3\ServConnect\backend\bin\Debug\net8.0\UsersApp.exe' because it is being used by another process. The file is locked by: "UsersApp (21740)" [C:\Darklord\MCA_2024\S3\ServConnect\backend\UsersApp.csproj]
C:\Program Files\dotnet\sdk\9.0.302\Microsoft.Common.CurrentVersion.targets(5395,5): warning MSB3026: Could not copy "C:\Darklord\MCA_2024\S3\ServConnect\backend\obj\Debug\net8.0\apphost.exe" to "bin\Debug\net8.0\UsersApp.exe". Beginning retry 4 in 1000ms. The process cannot access the file 'C:\Darklord\MCA_2024\S3\ServConnect\backend\bin\Debug\net8.0\UsersApp.exe' because it is being used by another process. The file is locked by: "UsersApp (21740)" [C:\Darklord\MCA_2024\S3\ServConnect\backend\UsersApp.csproj]
C:\Program Files\dotnet\sdk\9.0.302\Microsoft.Common.CurrentVersion.targets(5395,5): warning MSB3026: Could not copy "C:\Darklord\MCA_2024\S3\ServConnect\backend\obj\Debug\net8.0\apphost.exe" to "bin\Debug\net8.0\UsersApp.exe". Beginning retry 5 in 1000ms. The process cannot access the file 'C:\Darklord\MCA_2024\S3\ServConnect\backend\bin\Debug\net8.0\UsersApp.exe' because it is being used by another process. The file is locked by: "UsersApp (21740)" [C:\Darklord\MCA_2024\S3\ServConnect\backend\UsersApp.csproj]
C:\Program Files\dotnet\sdk\9.0.302\Microsoft.Common.CurrentVersion.targets(5395,5): warning MSB3026: Could not copy "C:\Darklord\MCA_2024\S3\ServConnect\backend\obj\Debug\net8.0\apphost.exe" to "bin\Debug\net8.0\UsersApp.exe". Beginning retry 6 in 1000ms. The process cannot access the file 'C:\Darklord\MCA_2024\S3\ServConnect\backend\bin\Debug\net8.0\UsersApp.exe' because it is being used by another process. The file is locked by: "UsersApp (21740)" [C:\Darklord\MCA_2024\S3\ServConnect\backend\UsersApp.csproj]
C:\Program Files\dotnet\sdk\9.0.302\Microsoft.Common.CurrentVersion.targets(5395,5): warning MSB3026: Could not copy "C:\Darklord\MCA_2024\S3\ServConnect\backend\obj\Debug\net8.0\apphost.exe" to "bin\Debug\net8.0\UsersApp.exe". Beginning retry 7 in 1000ms. The process cannot access the file 'C:\Darklord\MCA_2024\S3\ServConnect\backend\bin\Debug\net8.0\UsersApp.exe' because it is being used by another process. The file is locked by: "UsersApp (21740)" [C:\Darklord\MCA_2024\S3\ServConnect\backend\UsersApp.csproj]
C:\Program Files\dotnet\sdk\9.0.302\Microsoft.Common.CurrentVersion.targets(5395,5): warning MSB3026: Could not copy "C:\Darklord\MCA_2024\S3\ServConnect\backend\obj\Debug\net8.0\apphost.exe" to "bin\Debug\net8.0\UsersApp.exe". Beginning retry 8 in 1000ms. The process cannot access the file 'C:\Darklord\MCA_2024\S3\ServConnect\backend\bin\Debug\net8.0\UsersApp.exe' because it is being used by another process. The file is locked by: "UsersApp (21740)" [C:\Darklord\MCA_2024\S3\ServConnect\backend\UsersApp.csproj]
C:\Program Files\dotnet\sdk\9.0.302\Microsoft.Common.CurrentVersion.targets(5395,5): warning MSB3026: Could not copy "C:\Darklord\MCA_2024\S3\ServConnect\backend\obj\Debug\net8.0\apphost.exe" to "bin\Debug\net8.0\UsersApp.exe". Beginning retry 9 in 1000ms. The process cannot access the file 'C:\Darklord\MCA_2024\S3\ServConnect\backend\bin\Debug\net8.0\UsersApp.exe' because it is being used by another process. The file is locked by: "UsersApp (21740)" [C:\Darklord\MCA_2024\S3\ServConnect\backend\UsersApp.csproj]
C:\Program Files\dotnet\sdk\9.0.302\Microsoft.Common.CurrentVersion.targets(5395,5): warning MSB3026: Could not copy "C:\Darklord\MCA_2024\S3\ServConnect\backend\obj\Debug\net8.0\apphost.exe" to "bin\Debug\net8.0\UsersApp.exe". Beginning retry 10 in 1000ms. The process cannot access the file 'C:\Darklord\MCA_2024\S3\ServConnect\backend\bin\Debug\net8.0\UsersApp.exe' because it is being used by another process. The file is locked by: "UsersApp (21740)" [C:\Darklord\MCA_2024\S3\ServConnect\backend\UsersApp.csproj]
C:\Program Files\dotnet\sdk\9.0.302\Microsoft.Common.CurrentVersion.targets(5395,5): error MSB3027: Could not copy "C:\Darklord\MCA_2024\S3\ServConnect\backend\obj\Debug\net8.0\apphost.exe" to "bin\Debug\net8.0\UsersApp.exe". Exceeded retry count of 10. Failed. The file is locked by: "UsersApp (21740)" [C:\Darklord\MCA_2024\S3\ServConnect\backend\UsersApp.csproj]
C:\Program Files\dotnet\sdk\9.0.302\Microsoft.Common.CurrentVersion.targets(5395,5): error MSB3021: Unable to copy file "C:\Darklord\MCA_2024\S3\ServConnect\backend\obj\Debug\net8.0\apphost.exe" to "bin\Debug\net8.0\UsersApp.exe". The process cannot access the file 'C:\Darklord\MCA_2024\S3\ServConnect\backend\bin\Debug\net8.0\UsersApp.exe' because it is being used by another process. [C:\Darklord\MCA_2024\S3\ServConnect\backend\UsersApp.csproj]

Build FAILED.

C:\Program Files\dotnet\sdk\9.0.302\Microsoft.Common.CurrentVersion.targets(5395,5): warning MSB3026: Could not copy "C:\Darklord\MCA_2024\S3\ServConnect\backend\obj\Debug\net8.0\apphost.exe" to "bin\Debug\net8.0\UsersApp.exe". Beginning retry 1 in 1000ms. The process cannot access the file 'C:\Darklord\MCA_2024\S3\ServConnect\backend\bin\Debug\net8.0\UsersApp.exe' because it is being used by another process. The file is locked by: "UsersApp (21740)" [C:\Darklord\MCA_2024\S3\ServConnect\backend\UsersApp.csproj]
C:\Program Files\dotnet\sdk\9.0.302\Microsoft.Common.CurrentVersion.targets(5395,5): warning MSB3026: Could not copy "C:\Darklord\MCA_2024\S3\ServConnect\backend\obj\Debug\net8.0\apphost.exe" to "bin\Debug\net8.0\UsersApp.exe". Beginning retry 2 in 1000ms. The process cannot access the file 'C:\Darklord\MCA_2024\S3\ServConnect\backend\bin\Debug\net8.0\UsersApp.exe' because it is being used by another process. The file is locked by: "UsersApp (21740)" [C:\Darklord\MCA_2024\S3\ServConnect\backend\UsersApp.csproj]
C:\Program Files\dotnet\sdk\9.0.302\Microsoft.Common.CurrentVersion.targets(5395,5): warning MSB3026: Could not copy "C:\Darklord\MCA_2024\S3\ServConnect\backend\obj\Debug\net8.0\apphost.exe" to "bin\Debug\net8.0\UsersApp.exe". Beginning retry 3 in 1000ms. The process cannot access the file 'C:\Darklord\MCA_2024\S3\ServConnect\backend\bin\Debug\net8.0\UsersApp.exe' because it is being used by another process. The file is locked by: "UsersApp (21740)" [C:\Darklord\MCA_2024\S3\ServConnect\backend\UsersApp.csproj]
C:\Program Files\dotnet\sdk\9.0.302\Microsoft.Common.CurrentVersion.targets(5395,5): warning MSB3026: Could not copy "C:\Darklord\MCA_2024\S3\ServConnect\backend\obj\Debug\net8.0\apphost.exe" to "bin\Debug\net8.0\UsersApp.exe". Beginning retry 4 in 1000ms. The process cannot access the file 'C:\Darklord\MCA_2024\S3\ServConnect\backend\bin\Debug\net8.0\UsersApp.exe' because it is being used by another process. The file is locked by: "UsersApp (21740)" [C:\Darklord\MCA_2024\S3\ServConnect\backend\UsersApp.csproj]
C:\Program Files\dotnet\sdk\9.0.302\Microsoft.Common.CurrentVersion.targets(5395,5): warning MSB3026: Could not copy "C:\Darklord\MCA_2024\S3\ServConnect\backend\obj\Debug\net8.0\apphost.exe" to "bin\Debug\net8.0\UsersApp.exe". Beginning retry 5 in 1000ms. The process cannot access the file 'C:\Darklord\MCA_2024\S3\ServConnect\backend\bin\Debug\net8.0\UsersApp.exe' because it is being used by another process. The file is locked by: "UsersApp (21740)" [C:\Darklord\MCA_2024\S3\ServConnect\backend\UsersApp.csproj]
C:\Program Files\dotnet\sdk\9.0.302\Microsoft.Common.CurrentVersion.targets(5395,5): warning MSB3026: Could not copy "C:\Darklord\MCA_2024\S3\ServConnect\backend\obj\Debug\net8.0\apphost.exe" to "bin\Debug\net8.0\UsersApp.exe". Beginning retry 6 in 1000ms. The process cannot access the file 'C:\Darklord\MCA_2024\S3\ServConnect\backend\bin\Debug\net8.0\UsersApp.exe' because it is being used by another process. The file is locked by: "UsersApp (21740)" [C:\Darklord\MCA_2024\S3\ServConnect\backend\UsersApp.csproj]
C:\Program Files\dotnet\sdk\9.0.302\Microsoft.Common.CurrentVersion.targets(5395,5): warning MSB3026: Could not copy "C:\Darklord\MCA_2024\S3\ServConnect\backend\obj\Debug\net8.0\apphost.exe" to "bin\Debug\net8.0\UsersApp.exe". Beginning retry 7 in 1000ms. The process cannot access the file 'C:\Darklord\MCA_2024\S3\ServConnect\backend\bin\Debug\net8.0\UsersApp.exe' because it is being used by another process. The file is locked by: "UsersApp (21740)" [C:\Darklord\MCA_2024\S3\ServConnect\backend\UsersApp.csproj]
C:\Program Files\dotnet\sdk\9.0.302\Microsoft.Common.CurrentVersion.targets(5395,5): warning MSB3026: Could not copy "C:\Darklord\MCA_2024\S3\ServConnect\backend\obj\Debug\net8.0\apphost.exe" to "bin\Debug\net8.0\UsersApp.exe". Beginning retry 8 in 1000ms. The process cannot access the file 'C:\Darklord\MCA_2024\S3\ServConnect\backend\bin\Debug\net8.0\UsersApp.exe' because it is being used by another process. The file is locked by: "UsersApp (21740)" [C:\Darklord\MCA_2024\S3\ServConnect\backend\UsersApp.csproj]
C:\Program Files\dotnet\sdk\9.0.302\Microsoft.Common.CurrentVersion.targets(5395,5): warning MSB3026: Could not copy "C:\Darklord\MCA_2024\S3\ServConnect\backend\obj\Debug\net8.0\apphost.exe" to "bin\Debug\net8.0\UsersApp.exe". Beginning retry 9 in 1000ms. The process cannot access the file 'C:\Darklord\MCA_2024\S3\ServConnect\backend\bin\Debug\net8.0\UsersApp.exe' because it is being used by another process. The file is locked by: "UsersApp (21740)" [C:\Darklord\MCA_2024\S3\ServConnect\backend\UsersApp.csproj]
C:\Program Files\dotnet\sdk\9.0.302\Microsoft.Common.CurrentVersion.targets(5395,5): warning MSB3026: Could not copy "C:\Darklord\MCA_2024\S3\ServConnect\backend\obj\Debug\net8.0\apphost.exe" to "bin\Debug\net8.0\UsersApp.exe". Beginning retry 10 in 1000ms. The process cannot access the file 'C:\Darklord\MCA_2024\S3\ServConnect\backend\bin\Debug\net8.0\UsersApp.exe' because it is being used by another process. The file is locked by: "UsersApp (21740)" [C:\Darklord\MCA_2024\S3\ServConnect\backend\UsersApp.csproj]
C:\Program Files\dotnet\sdk\9.0.302\Microsoft.Common.CurrentVersion.targets(5395,5): error MSB3027: Could not copy "C:\Darklord\MCA_2024\S3\ServConnect\backend\obj\Debug\net8.0\apphost.exe" to "bin\Debug\net8.0\UsersApp.exe". Exceeded retry count of 10. Failed. The file is locked by: "UsersApp (21740)" [C:\Darklord\MCA_2024\S3\ServConnect\backend\UsersApp.csproj]
C:\Program Files\dotnet\sdk\9.0.302\Microsoft.Common.CurrentVersion.targets(5395,5): error MSB3021: Unable to copy file "C:\Darklord\MCA_2024\S3\ServConnect\backend\obj\Debug\net8.0\apphost.exe" to "bin\Debug\net8.0\UsersApp.exe". The process cannot access the file 'C:\Darklord\MCA_2024\S3\ServConnect\backend\bin\Debug\net8.0\UsersApp.exe' because it is being used by another process. [C:\Darklord\MCA_2024\S3\ServConnect\backend\UsersApp.csproj]
    10 Warning(s)
    2 Error(s)

Time Elapsed 00:00:13.21
